// Jest Snapshot v1, https://goo.gl/fbAQLP

exports[`should render ExpenseList with expense 1`] = `
<div>
  <h1>
    Expense List
  </h1>
  <ExpenseListItem
    amount={50000}
    createdAt={"1970-01-01T00:00:00.000Z"}
    description="test1"
    id={1}
    key="1"
    note=""
  />
  <ExpenseListItem
    amount={1000}
    createdAt={-345600000}
    description="test2"
    id={2}
    key="2"
    note=""
  />
  <ExpenseListItem
    amount={2000}
    createdAt={345600000}
    description="test3"
    id={3}
    key="3"
    note=""
  />
  <h3>
    Total Amount:
    53000.00
  </h3>
</div>
`;

exports[`should render ExpenseList with no expenses 1`] = `
<div>
  <h1>
    Expense List
  </h1>
  <p>
    No Expenses
  </p>
  <h3>
    Total Amount:
    0.00
  </h3>
</div>
`;
