// Jest Snapshot v1, https://goo.gl/fbAQLP

exports[`should render ExpensesSummery with expenses 1`] = `
<div>
  <p>
     Viewing 
    3
     expenses totalling
    â‚ª1,141.95
  </p>
</div>
`;
