// Jest Snapshot v1, https://goo.gl/fbAQLP

exports[`should render ExpenseListItem with data 1`] = `
<div>
  <Link
    replace={false}
    to="/edit/1"
  >
    <h3>
      test1
    </h3>
  </Link>
  <p>
    amount:
    50000
     - createdAt:
  </p>
</div>
`;
